            Microtec Research Lod68K V6.4a         Thu Sep 03 09:24:37 1992

Command line: A:\68K\ASM\LOD68K.EXE  @HK3,HK3,HK3 

LIST D,S
*MAKE  ABS HK3L
*MAKE  @echo .
*MAKE  @echo .

*MAKE !if $d(WORK)
*MAKE WORK=WORK.INC
*MAKE !endif

*MAKE !if $d(LABEL)
*MAKE LABEL=LABEL.INC
*MAKE !endif

*MAKE !if $d(GAME_SYM)
*MAKE GAME_SYM=GAME_SYM.INC
*MAKE !endif

SECT HK3=19000H

COMMON WORK=100000H
INDEX ?A5,WORK,8000H

LOAD GAME_SYM
LOAD HK3_TBL
LOAD HK3,HK3_SET,STATE_CHK,HK3_INT,HK3_SUB,COM_OPE
LOAD EM_DATA,EM_FRONT,EM_BACK,DEF_1P,DEF_2P,DEF2_1P,DEF2_2P
LOAD EM_P1,EM_P2
LOAD EM_SP1,EM_SP2,EM_SP3,EM_SP4,EM_SP5,EM_SCLIM
LOAD EM_SP6,EM_SP7,EM_SP8,EM_SP9,EM_SP10,EM_SP11
LOAD EM_SP1H,EM_SP2H,EM_SP3H,EM_SP4H,EM_SP5H
LOAD EM_SP6H,EM_SP7H,EM_SP8H,EM_SP9H,EM_SP10H
LOAD EM_SP11H,EMH_SCLIM
LOAD EM1_TBL,EM2_TBL,EM3_TBL,EM4_TBL
LOAD EM5_TBL,EM6_TBL,EM7_TBL,EM8_TBL
LOAD MOTION,EM_PACK,NEWS

END
            Microtec Research Lod68K V6.4a         Thu Sep 03 09:24:37 1992



OUTPUT MODULE NAME:    HK3
OUTPUT MODULE FORMAT:  MOTOROLA S2


SECTION SUMMARY
---------------

SECTION    ATTRIBUTE                   START      END        LENGTH     ALIGN

HK3        NORMAL CODE                 00019000   00025003   0000C004   2 (WORD)  
WORK       COMMON                      00100000   0010FFFF   00010000   2 (WORD)  


MODULE SUMMARY
--------------

MODULE         SECTION:START        SECTION:END       FILE

GAME_SYM             0:                   0:          B:\044\GAME_SYM.OBJ   
HK3_TBL            HK3:00019000         HK3:0001900B  B:\044\HK3_TBL.OBJ   
HK3                HK3:0001900C         HK3:000195B3  B:\044\HK3.OBJ   
                  WORK:00100000        WORK:0010FFFF      
HK3_SET            HK3:000195B4         HK3:00019FFF  B:\044\HK3_SET.OBJ   
                  WORK:00100000        WORK:0010FFFF      
STATE_CHK          HK3:0001A000         HK3:0001A16B  B:\044\STATE_CHK.OBJ   
                  WORK:00100000        WORK:0010FFFF      
HK3_INT            HK3:0001A16C         HK3:0001A401  B:\044\HK3_INT.OBJ   
                  WORK:00100000        WORK:0010FFFF      
HK3_SUB            HK3:0001A402         HK3:0001A731  B:\044\HK3_SUB.OBJ   
                  WORK:00100000        WORK:0010FFFF      
COM_OPE            HK3:0001A732         HK3:0001AD9B  B:\044\COM_OPE.OBJ   
                  WORK:00100000        WORK:0010FFFF      
EM_DATA            HK3:0001AD9C         HK3:0001B537  B:\044\EM_DATA.OBJ   
EM_FRONT           HK3:0001B538         HK3:0001B701  B:\044\EM_FRONT.OBJ   
EM_BACK            HK3:0001B702         HK3:0001B8C3  B:\044\EM_BACK.OBJ   
DEF_1P             HK3:0001B8C4         HK3:0001BC7D  B:\044\DEF_1P.OBJ   
DEF_2P             HK3:0001BC7E         HK3:0001C037  B:\044\DEF_2P.OBJ   
DEF2_1P            HK3:0001C038         HK3:0001C3D9  B:\044\DEF2_1P.OBJ   
DEF2_2P            HK3:0001C3DA         HK3:0001C781  B:\044\DEF2_2P.OBJ   
EM_P1              HK3:0001C782         HK3:0001DAC3  B:\044\EM_P1.OBJ   
EM_P2              HK3:0001DAC4         HK3:0001EDA3  B:\044\EM_P2.OBJ   
EM_SP1             HK3:0001EDA4         HK3:0001EE85  B:\044\EM_SP1.OBJ   
EM_SP2             HK3:0001EE86         HK3:0001EF79  B:\044\EM_SP2.OBJ   
EM_SP3             HK3:0001EF7A         HK3:0001F095  B:\044\EM_SP3.OBJ   
EM_SP4             HK3:0001F096         HK3:0001F16B  B:\044\EM_SP4.OBJ   
EM_SP5             HK3:0001F16C         HK3:0001F9AD  B:\044\EM_SP5.OBJ   
EM_SCLIM           HK3:0001F9AE         HK3:0001FA9D  B:\044\EM_SCLIM.OBJ   
EM_SP6             HK3:0001FA9E         HK3:0001FB85  B:\044\EM_SP6.OBJ   
EM_SP7             HK3:0001FB86         HK3:0001FC6B  B:\044\EM_SP7.OBJ   
EM_SP8             HK3:0001FC6C         HK3:0001FD3D  B:\044\EM_SP8.OBJ   
EM_SP9             HK3:0001FD3E         HK3:0001FE43  B:\044\EM_SP9.OBJ   
EM_SP10            HK3:0001FE44         HK3:0001FF21  B:\044\EM_SP10.OBJ   
EM_SP11            HK3:0001FF22         HK3:00020023  B:\044\EM_SP11.OBJ   
EM_SP1H            HK3:00020024         HK3:000200F9  B:\044\EM_SP1H.OBJ   
            Microtec Research Lod68K V6.4a         Thu Sep 03 09:24:37 1992



EM_SP2H            HK3:000200FA         HK3:000201E3  B:\044\EM_SP2H.OBJ   
EM_SP3H            HK3:000201E4         HK3:000202C9  B:\044\EM_SP3H.OBJ   
EM_SP4H            HK3:000202CA         HK3:0002039F  B:\044\EM_SP4H.OBJ   
EM_SP5H            HK3:000203A0         HK3:00020B09  B:\044\EM_SP5H.OBJ   
EM_SP6H            HK3:00020B0A         HK3:00020BEF  B:\044\EM_SP6H.OBJ   
EM_SP7H            HK3:00020BF0         HK3:00020CD1  B:\044\EM_SP7H.OBJ   
EM_SP8H            HK3:00020CD2         HK3:00020DA7  B:\044\EM_SP8H.OBJ   
EM_SP9H            HK3:00020DA8         HK3:00020E59  B:\044\EM_SP9H.OBJ   
EM_SP10H           HK3:00020E5A         HK3:00020F3B  B:\044\EM_SP10H.OBJ   
EM_SP11H           HK3:00020F3C         HK3:00021009  B:\044\EM_SP11H.OBJ   
EMH_SCLIM          HK3:0002100A         HK3:000210F9  B:\044\EMH_SCLIM.OBJ   
EM1_TBL            HK3:000210FA         HK3:000214ED  B:\044\EM1_TBL.OBJ   
EM2_TBL            HK3:000214EE         HK3:0002192B  B:\044\EM2_TBL.OBJ   
EM3_TBL            HK3:0002192C         HK3:00021E5B  B:\044\EM3_TBL.OBJ   
EM4_TBL            HK3:00021E5C         HK3:000223A0  B:\044\EM4_TBL.OBJ   
EM5_TBL            HK3:000223A2         HK3:00022907  B:\044\EM5_TBL.OBJ   
EM6_TBL            HK3:00022908         HK3:00022EB8  B:\044\EM6_TBL.OBJ   
EM7_TBL            HK3:00022EBA         HK3:0002311C  B:\044\EM7_TBL.OBJ   
EM8_TBL            HK3:0002311E         HK3:0002365D  B:\044\EM8_TBL.OBJ   
MOTION             HK3:0002365E         HK3:000236C5  B:\044\MOTION.OBJ   
EM_PACK            HK3:000236C6         HK3:00024DBB  B:\044\EM_PACK.OBJ   
NEWS               HK3:00024DBC         HK3:00025003  B:\044\NEWS.OBJ   
                  WORK:00100000        WORK:0010FFFF      



START ADDRESS:   00000000


Load Completed 


 Errors: 0, Warnings: 0
